../Drivers/CMSIS/Include/core_cm3.h:1511:22:__NVIC_EnableIRQ	16	static
../Drivers/CMSIS/Include/core_cm3.h:1547:22:__NVIC_DisableIRQ	16	static,ignoring_inline_asm
../Core/Src/port.c:50:1:portGetTickCnt	8	static
../Core/Src/port.c:60:6:usleep	24	static,ignoring_inline_asm
../Core/Src/port.c:91:5:peripherals_init	4	static
../Core/Src/port.c:100:6:spi_peripheral_init	4	static
../Core/Src/port.c:116:10:EXTI_GetITEnStatus	16	static
../Core/Src/port.c:139:6:reset_DW1000	24	static
../Core/Src/port.c:167:6:setup_DW1000RSTnIRQ	32	static
../Core/Src/port.c:234:5:port_is_switch_on	16	static
../Core/Src/port.c:242:6:port_wakeup_dw1000	8	static
../Core/Src/port.c:255:6:port_wakeup_dw1000_fast	16	static
../Core/Src/port.c:301:6:HAL_GPIO_EXTI_Callback	16	static
../Core/Src/port.c:324:15:process_deca_irq	8	static
../Core/Src/port.c:339:15:port_DisableEXT_IRQ	8	static
../Core/Src/port.c:348:15:port_EnableEXT_IRQ	8	static
../Core/Src/port.c:357:19:port_GetEXT_IRQStatus	8	static
../Core/Src/port.c:366:19:port_CheckEXT_IRQ	8	static
../Core/Src/port.c:395:6:port_set_deca_isr	24	static
